--- Testing OllamaProvider Fallback ---
FAIL: OllamaProvider fallback. Expected 2 calls, got 1
